---
source: crates/functions/src/tests/aggregate/listagg.rs
assertion_line: 151
description: "\"SELECT LISTAGG(DISTINCT name, ' | ') WITHIN GROUP (ORDER BY name) \n     FROM (VALUES ('banana'), ('apple'), ('cherry'), ('apple'), ('banana'), ('date')) AS t(name)\""
---
"Error: Error during planning: WITHIN GROUP is only supported for ordered-set aggregate functions"
