---
source: crates/functions/src/tests/aggregate/listagg.rs
assertion_line: 57
description: "\"SELECT LISTAGG(DISTINCT name, ', ') WITHIN GROUP (ORDER BY name) FROM (VALUES ('cherry'), ('apple'), ('banana'), ('apple')) AS t(name)\""
---
"Error: Error during planning: WITHIN GROUP is only supported for ordered-set aggregate functions"
