---
source: crates/functions/src/tests/string_binary/length.rs
assertion_line: 22
description: "\"SELECT LEN('hello'), LEN(''), LEN(NULL)\""
---
Ok(
    [
        "+--------------------+---------------+-----------+",
        "| len(Utf8(\"hello\")) | len(Utf8(\"\")) | len(NULL) |",
        "+--------------------+---------------+-----------+",
        "| 5                  | 0             |           |",
        "+--------------------+---------------+-----------+",
    ],
)
