---
source: crates/executor/src/tests/sql/logical_optimizer/split_ordered_aggregates.rs
assertion_line: 4
description: "\"SELECT \\\n        percentile_cont(0.5) WITHIN GROUP (ORDER BY x) AS p50_x, \\\n        percentile_cont(0.5) WITHIN GROUP (ORDER BY y) AS p50_y \\\n     FROM (VALUES (1, 10), (2, 20), (3, 30)) AS t(x, y)\""
---
Err(
    "Error: DataFusion error: Error during planning: WITHIN GROUP is only supported for ordered-set aggregate functions",
)
